../Drivers/BSP/STM32F769I-Discovery/stm32f769i_discovery.c:151:10:BSP_GetVersion	4	static
../Drivers/BSP/STM32F769I-Discovery/stm32f769i_discovery.c:164:6:BSP_LED_Init	40	static
../Drivers/BSP/STM32F769I-Discovery/stm32f769i_discovery.c:189:6:BSP_LED_DeInit	40	static
../Drivers/BSP/STM32F769I-Discovery/stm32f769i_discovery.c:209:6:BSP_LED_On	16	static
../Drivers/BSP/STM32F769I-Discovery/stm32f769i_discovery.c:222:6:BSP_LED_Off	16	static
../Drivers/BSP/STM32F769I-Discovery/stm32f769i_discovery.c:235:6:BSP_LED_Toggle	16	static
../Drivers/BSP/STM32F769I-Discovery/stm32f769i_discovery.c:253:6:BSP_PB_Init	40	static
../Drivers/BSP/STM32F769I-Discovery/stm32f769i_discovery.c:296:6:BSP_PB_DeInit	40	static
../Drivers/BSP/STM32F769I-Discovery/stm32f769i_discovery.c:314:10:BSP_PB_GetState	16	static
../Drivers/BSP/STM32F769I-Discovery/stm32f769i_discovery.c:338:13:I2Cx_MspInit	56	static
../Drivers/BSP/STM32F769I-Discovery/stm32f769i_discovery.c:423:13:I2Cx_Init	16	static
../Drivers/BSP/STM32F769I-Discovery/stm32f769i_discovery.c:461:26:I2Cx_ReadMultiple	48	static
../Drivers/BSP/STM32F769I-Discovery/stm32f769i_discovery.c:487:26:I2Cx_WriteMultiple	48	static
../Drivers/BSP/STM32F769I-Discovery/stm32f769i_discovery.c:510:26:I2Cx_IsDeviceReady	24	static
../Drivers/BSP/STM32F769I-Discovery/stm32f769i_discovery.c:521:13:I2Cx_Error	16	static
../Drivers/BSP/STM32F769I-Discovery/stm32f769i_discovery.c:543:6:AUDIO_IO_Init	8	static
../Drivers/BSP/STM32F769I-Discovery/stm32f769i_discovery.c:551:6:AUDIO_IO_DeInit	4	static
../Drivers/BSP/STM32F769I-Discovery/stm32f769i_discovery.c:563:6:AUDIO_IO_Write	32	static
../Drivers/BSP/STM32F769I-Discovery/stm32f769i_discovery.c:580:10:AUDIO_IO_Read	32	static
../Drivers/BSP/STM32F769I-Discovery/stm32f769i_discovery.c:599:6:AUDIO_IO_Delay	16	static
../Drivers/BSP/STM32F769I-Discovery/stm32f769i_discovery.c:609:6:EEPROM_IO_Init	8	static
../Drivers/BSP/STM32F769I-Discovery/stm32f769i_discovery.c:622:19:EEPROM_IO_WriteData	32	static
../Drivers/BSP/STM32F769I-Discovery/stm32f769i_discovery.c:635:19:EEPROM_IO_ReadData	32	static
../Drivers/BSP/STM32F769I-Discovery/stm32f769i_discovery.c:647:19:EEPROM_IO_IsDeviceReady	16	static
../Drivers/BSP/STM32F769I-Discovery/stm32f769i_discovery.c:658:6:TS_IO_Init	8	static
../Drivers/BSP/STM32F769I-Discovery/stm32f769i_discovery.c:670:6:TS_IO_Write	24	static
../Drivers/BSP/STM32F769I-Discovery/stm32f769i_discovery.c:681:9:TS_IO_Read	32	static
../Drivers/BSP/STM32F769I-Discovery/stm32f769i_discovery.c:699:10:TS_IO_ReadMultiple	24	static
../Drivers/BSP/STM32F769I-Discovery/stm32f769i_discovery.c:713:6:TS_IO_WriteMultiple	24	static
../Drivers/BSP/STM32F769I-Discovery/stm32f769i_discovery.c:723:6:TS_IO_Delay	16	static
../Drivers/BSP/STM32F769I-Discovery/stm32f769i_discovery.c:733:6:OTM8009A_IO_Delay	16	static
../Drivers/BSP/STM32F769I-Discovery/stm32f769i_discovery.c:743:6:HDMI_IO_Init	8	static
../Drivers/BSP/STM32F769I-Discovery/stm32f769i_discovery.c:755:6:HDMI_IO_Write	24	static
../Drivers/BSP/STM32F769I-Discovery/stm32f769i_discovery.c:767:9:HDMI_IO_Read	32	static
../Drivers/BSP/STM32F769I-Discovery/stm32f769i_discovery.c:781:6:HDMI_IO_Delay	16	static
