../Drivers/BSP/STM32F769I-Discovery/stm32f769i_discovery_lcd.c:257:9:BSP_LCD_Init	8	static
../Drivers/BSP/STM32F769I-Discovery/stm32f769i_discovery_lcd.c:272:9:BSP_LCD_InitEx	72	static
../Drivers/BSP/STM32F769I-Discovery/stm32f769i_discovery_lcd.c:667:6:BSP_LCD_Reset	32	static
../Drivers/BSP/STM32F769I-Discovery/stm32f769i_discovery_lcd.c:697:10:BSP_LCD_GetXSize	4	static
../Drivers/BSP/STM32F769I-Discovery/stm32f769i_discovery_lcd.c:706:10:BSP_LCD_GetYSize	4	static
../Drivers/BSP/STM32F769I-Discovery/stm32f769i_discovery_lcd.c:716:6:BSP_LCD_SetXSize	16	static
../Drivers/BSP/STM32F769I-Discovery/stm32f769i_discovery_lcd.c:725:6:BSP_LCD_SetYSize	16	static
../Drivers/BSP/STM32F769I-Discovery/stm32f769i_discovery_lcd.c:737:6:BSP_LCD_LayerDefaultInit	72	static
../Drivers/BSP/STM32F769I-Discovery/stm32f769i_discovery_lcd.c:770:6:BSP_LCD_SelectLayer	16	static
../Drivers/BSP/STM32F769I-Discovery/stm32f769i_discovery_lcd.c:783:6:BSP_LCD_SetLayerVisible	16	static
../Drivers/BSP/STM32F769I-Discovery/stm32f769i_discovery_lcd.c:803:6:BSP_LCD_SetTransparency	16	static
../Drivers/BSP/STM32F769I-Discovery/stm32f769i_discovery_lcd.c:815:6:BSP_LCD_SetLayerAddress	16	static
../Drivers/BSP/STM32F769I-Discovery/stm32f769i_discovery_lcd.c:830:6:BSP_LCD_SetLayerWindow	24	static
../Drivers/BSP/STM32F769I-Discovery/stm32f769i_discovery_lcd.c:845:6:BSP_LCD_SetColorKeying	16	static
../Drivers/BSP/STM32F769I-Discovery/stm32f769i_discovery_lcd.c:856:6:BSP_LCD_ResetColorKeying	16	static
../Drivers/BSP/STM32F769I-Discovery/stm32f769i_discovery_lcd.c:866:6:BSP_LCD_SetTextColor	16	static
../Drivers/BSP/STM32F769I-Discovery/stm32f769i_discovery_lcd.c:875:10:BSP_LCD_GetTextColor	4	static
../Drivers/BSP/STM32F769I-Discovery/stm32f769i_discovery_lcd.c:884:6:BSP_LCD_SetBackColor	16	static
../Drivers/BSP/STM32F769I-Discovery/stm32f769i_discovery_lcd.c:893:10:BSP_LCD_GetBackColor	4	static
../Drivers/BSP/STM32F769I-Discovery/stm32f769i_discovery_lcd.c:902:6:BSP_LCD_SetFont	16	static
../Drivers/BSP/STM32F769I-Discovery/stm32f769i_discovery_lcd.c:911:8:BSP_LCD_GetFont	4	static
../Drivers/BSP/STM32F769I-Discovery/stm32f769i_discovery_lcd.c:922:10:BSP_LCD_ReadPixel	32	static
../Drivers/BSP/STM32F769I-Discovery/stm32f769i_discovery_lcd.c:956:6:BSP_LCD_Clear	40	static
../Drivers/BSP/STM32F769I-Discovery/stm32f769i_discovery_lcd.c:966:6:BSP_LCD_ClearStringLine	32	static
../Drivers/BSP/STM32F769I-Discovery/stm32f769i_discovery_lcd.c:985:6:BSP_LCD_DisplayChar	24	static
../Drivers/BSP/STM32F769I-Discovery/stm32f769i_discovery_lcd.c:1002:6:BSP_LCD_DisplayStringAt	48	static
../Drivers/BSP/STM32F769I-Discovery/stm32f769i_discovery_lcd.c:1064:6:BSP_LCD_DisplayStringAtLine	16	static
../Drivers/BSP/STM32F769I-Discovery/stm32f769i_discovery_lcd.c:1075:6:BSP_LCD_DrawHLine	40	static
../Drivers/BSP/STM32F769I-Discovery/stm32f769i_discovery_lcd.c:1092:6:BSP_LCD_DrawVLine	48	static
../Drivers/BSP/STM32F769I-Discovery/stm32f769i_discovery_lcd.c:1110:6:BSP_LCD_DrawLine	56	static
../Drivers/BSP/STM32F769I-Discovery/stm32f769i_discovery_lcd.c:1184:6:BSP_LCD_DrawRect	24	static
../Drivers/BSP/STM32F769I-Discovery/stm32f769i_discovery_lcd.c:1201:6:BSP_LCD_DrawCircle	40	static
../Drivers/BSP/STM32F769I-Discovery/stm32f769i_discovery_lcd.c:1247:6:BSP_LCD_DrawPolygon	32	static
../Drivers/BSP/STM32F769I-Discovery/stm32f769i_discovery_lcd.c:1274:6:BSP_LCD_DrawEllipse	64	static
../Drivers/BSP/STM32F769I-Discovery/stm32f769i_discovery_lcd.c:1306:6:BSP_LCD_DrawBitmap	56	static
../Drivers/BSP/STM32F769I-Discovery/stm32f769i_discovery_lcd.c:1363:6:BSP_LCD_FillRect	48	static
../Drivers/BSP/STM32F769I-Discovery/stm32f769i_discovery_lcd.c:1383:6:BSP_LCD_FillCircle	32	static
../Drivers/BSP/STM32F769I-Discovery/stm32f769i_discovery_lcd.c:1430:6:BSP_LCD_FillPolygon	64	static
../Drivers/BSP/STM32F769I-Discovery/stm32f769i_discovery_lcd.c:1497:6:BSP_LCD_FillEllipse	56	static
../Drivers/BSP/STM32F769I-Discovery/stm32f769i_discovery_lcd.c:1527:6:BSP_LCD_DisplayOn	16	static
../Drivers/BSP/STM32F769I-Discovery/stm32f769i_discovery_lcd.c:1550:6:BSP_LCD_DisplayOff	16	static
../Drivers/BSP/STM32F769I-Discovery/stm32f769i_discovery_lcd.c:1573:6:BSP_LCD_SetBrightness	24	static
../Drivers/BSP/STM32F769I-Discovery/stm32f769i_discovery_lcd.c:1598:6:DSI_IO_WriteCmd	24	static
../Drivers/BSP/STM32F769I-Discovery/stm32f769i_discovery_lcd.c:1615:17:LCD_IO_GetID	4	static
../Drivers/BSP/STM32F769I-Discovery/stm32f769i_discovery_lcd.c:1647:13:BSP_LCD_MspDeInit	8	static
../Drivers/BSP/STM32F769I-Discovery/stm32f769i_discovery_lcd.c:1673:13:BSP_LCD_MspInit	24	static
../Drivers/BSP/STM32F769I-Discovery/stm32f769i_discovery_lcd.c:1715:6:BSP_LCD_DrawPixel	24	static
../Drivers/BSP/STM32F769I-Discovery/stm32f769i_discovery_lcd.c:1728:13:DrawChar	40	static
../Drivers/BSP/STM32F769I-Discovery/stm32f769i_discovery_lcd.c:1786:13:FillTriangle	56	static
../Drivers/BSP/STM32F769I-Discovery/stm32f769i_discovery_lcd.c:1863:13:LL_FillBuffer	32	static
../Drivers/BSP/STM32F769I-Discovery/stm32f769i_discovery_lcd.c:1893:13:LL_ConvertLineToARGB8888	32	static
