../Drivers/STM32F7xx_HAL_Driver/Src/stm32f7xx_hal_mmc.c:352:19:HAL_MMC_Init	16	static
../Drivers/STM32F7xx_HAL_Driver/Src/stm32f7xx_hal_mmc.c:429:19:HAL_MMC_InitCard	72	static
../Drivers/STM32F7xx_HAL_Driver/Src/stm32f7xx_hal_mmc.c:503:19:HAL_MMC_DeInit	16	static
../Drivers/STM32F7xx_HAL_Driver/Src/stm32f7xx_hal_mmc.c:544:13:HAL_MMC_MspInit	16	static
../Drivers/STM32F7xx_HAL_Driver/Src/stm32f7xx_hal_mmc.c:559:13:HAL_MMC_MspDeInit	16	static
../Drivers/STM32F7xx_HAL_Driver/Src/stm32f7xx_hal_mmc.c:600:19:HAL_MMC_ReadBlocks	80	static
../Drivers/STM32F7xx_HAL_Driver/Src/stm32f7xx_hal_mmc.c:801:19:HAL_MMC_WriteBlocks	80	static
../Drivers/STM32F7xx_HAL_Driver/Src/stm32f7xx_hal_mmc.c:976:19:HAL_MMC_ReadBlocks_IT	56	static
../Drivers/STM32F7xx_HAL_Driver/Src/stm32f7xx_hal_mmc.c:1068:19:HAL_MMC_WriteBlocks_IT	56	static
../Drivers/STM32F7xx_HAL_Driver/Src/stm32f7xx_hal_mmc.c:1160:19:HAL_MMC_ReadBlocks_DMA	56	static
../Drivers/STM32F7xx_HAL_Driver/Src/stm32f7xx_hal_mmc.c:1277:19:HAL_MMC_WriteBlocks_DMA	56	static
../Drivers/STM32F7xx_HAL_Driver/Src/stm32f7xx_hal_mmc.c:1392:19:HAL_MMC_Erase	40	static
../Drivers/STM32F7xx_HAL_Driver/Src/stm32f7xx_hal_mmc.c:1489:6:HAL_MMC_IRQHandler	24	static
../Drivers/STM32F7xx_HAL_Driver/Src/stm32f7xx_hal_mmc.c:1679:22:HAL_MMC_GetState	16	static
../Drivers/STM32F7xx_HAL_Driver/Src/stm32f7xx_hal_mmc.c:1690:10:HAL_MMC_GetError	16	static
../Drivers/STM32F7xx_HAL_Driver/Src/stm32f7xx_hal_mmc.c:1700:13:HAL_MMC_TxCpltCallback	16	static
../Drivers/STM32F7xx_HAL_Driver/Src/stm32f7xx_hal_mmc.c:1715:13:HAL_MMC_RxCpltCallback	16	static
../Drivers/STM32F7xx_HAL_Driver/Src/stm32f7xx_hal_mmc.c:1730:13:HAL_MMC_ErrorCallback	16	static
../Drivers/STM32F7xx_HAL_Driver/Src/stm32f7xx_hal_mmc.c:1745:13:HAL_MMC_AbortCallback	16	static
../Drivers/STM32F7xx_HAL_Driver/Src/stm32f7xx_hal_mmc.c:1956:19:HAL_MMC_GetCardCID	16	static
../Drivers/STM32F7xx_HAL_Driver/Src/stm32f7xx_hal_mmc.c:1989:19:HAL_MMC_GetCardCSD	24	static
../Drivers/STM32F7xx_HAL_Driver/Src/stm32f7xx_hal_mmc.c:2106:19:HAL_MMC_GetCardInfo	16	static
../Drivers/STM32F7xx_HAL_Driver/Src/stm32f7xx_hal_mmc.c:2128:19:HAL_MMC_GetCardExtCSD	64	static
../Drivers/STM32F7xx_HAL_Driver/Src/stm32f7xx_hal_mmc.c:2246:19:HAL_MMC_ConfigWideBusOperation	80	static
../Drivers/STM32F7xx_HAL_Driver/Src/stm32f7xx_hal_mmc.c:2345:26:HAL_MMC_GetCardState	32	static
../Drivers/STM32F7xx_HAL_Driver/Src/stm32f7xx_hal_mmc.c:2368:19:HAL_MMC_Abort	24	static
../Drivers/STM32F7xx_HAL_Driver/Src/stm32f7xx_hal_mmc.c:2425:19:HAL_MMC_Abort_IT	24	static
../Drivers/STM32F7xx_HAL_Driver/Src/stm32f7xx_hal_mmc.c:2506:13:MMC_DMATransmitCplt	24	static
../Drivers/STM32F7xx_HAL_Driver/Src/stm32f7xx_hal_mmc.c:2519:13:MMC_DMAReceiveCplt	24	static
../Drivers/STM32F7xx_HAL_Driver/Src/stm32f7xx_hal_mmc.c:2560:13:MMC_DMAError	32	static
../Drivers/STM32F7xx_HAL_Driver/Src/stm32f7xx_hal_mmc.c:2603:13:MMC_DMATxAbort	24	static
../Drivers/STM32F7xx_HAL_Driver/Src/stm32f7xx_hal_mmc.c:2648:13:MMC_DMARxAbort	24	static
../Drivers/STM32F7xx_HAL_Driver/Src/stm32f7xx_hal_mmc.c:2693:17:MMC_InitCard	120	static
../Drivers/STM32F7xx_HAL_Driver/Src/stm32f7xx_hal_mmc.c:2800:17:MMC_PowerON	32	static
../Drivers/STM32F7xx_HAL_Driver/Src/stm32f7xx_hal_mmc.c:2852:13:MMC_PowerOFF	16	static
../Drivers/STM32F7xx_HAL_Driver/Src/stm32f7xx_hal_mmc.c:2865:17:MMC_SendStatus	24	static
../Drivers/STM32F7xx_HAL_Driver/Src/stm32f7xx_hal_mmc.c:2895:17:MMC_ReadExtCSD	72	static
../Drivers/STM32F7xx_HAL_Driver/Src/stm32f7xx_hal_mmc.c:2980:13:MMC_Read_IT	32	static
../Drivers/STM32F7xx_HAL_Driver/Src/stm32f7xx_hal_mmc.c:3019:13:MMC_Write_IT	32	static
../Drivers/STM32F7xx_HAL_Driver/Src/stm32f7xx_hal_mmc.c:3059:17:MMC_PwrClassUpdate	40	static
