../Core/Src/main.c:174:5:main	8	static
../Core/Src/main.c:257:6:SystemClock_Config	88	static
../Core/Src/main.c:319:6:PeriphCommonClock_Config	152	static
../Core/Src/main.c:349:13:MX_ADC1_Init	24	static
../Core/Src/main.c:401:13:MX_ADC3_Init	24	static
../Core/Src/main.c:453:13:MX_CRC_Init	8	static
../Core/Src/main.c:484:13:MX_DMA2D_Init	8	static
../Core/Src/main.c:523:13:MX_DSIHOST_DSI_Init	176	static
../Core/Src/main.c:632:13:MX_ETH_Init	8	static
../Core/Src/main.c:681:13:MX_HDMI_CEC_Init	8	static
../Core/Src/main.c:717:13:MX_I2C1_Init	8	static
../Core/Src/main.c:765:13:MX_I2C4_Init	8	static
../Core/Src/main.c:813:13:MX_IWDG_Init	8	static
../Core/Src/main.c:842:13:MX_LTDC_Init	64	static
../Core/Src/main.c:904:13:MX_QUADSPI_Init	8	static
../Core/Src/main.c:939:13:MX_RTC_Init	72	static
../Core/Src/main.c:1028:13:MX_SAI1_Init	8	static
../Core/Src/main.c:1103:13:MX_SAI2_Init	8	static
../Core/Src/main.c:1137:13:MX_SDMMC2_MMC_Init	8	static
../Core/Src/main.c:1173:13:MX_SPDIFRX_Init	8	static
../Core/Src/main.c:1209:13:MX_SPI2_Init	8	static
../Core/Src/main.c:1249:13:MX_TIM1_Init	40	static
../Core/Src/main.c:1296:13:MX_TIM3_Init	48	static
../Core/Src/main.c:1345:13:MX_TIM10_Init	40	static
../Core/Src/main.c:1391:13:MX_TIM11_Init	40	static
../Core/Src/main.c:1437:13:MX_TIM12_Init	40	static
../Core/Src/main.c:1479:13:MX_UART5_Init	8	static
../Core/Src/main.c:1514:13:MX_USART1_UART_Init	8	static
../Core/Src/main.c:1549:13:MX_USART6_UART_Init	8	static
../Core/Src/main.c:1584:13:MX_USB_OTG_HS_PCD_Init	8	static
../Core/Src/main.c:1620:13:MX_WWDG_Init	8	static
../Core/Src/main.c:1646:13:MX_FMC_Init	40	static
../Core/Src/main.c:1697:13:MX_GPIO_Init	72	static
../Core/Src/main.c:1813:6:StartDefaultTask	16	static
../Core/Src/main.c:1832:6:HAL_TIM_PeriodElapsedCallback	16	static
../Core/Src/main.c:1849:6:Error_Handler	4	static,ignoring_inline_asm
