../Core/Src/main.c:249:5:integer_length	24	static
../Core/Src/main.c:263:6:fibonacci_display_num	48	dynamic
../Core/Src/main.c:270:6:fibonacci_prepare	8	static
../Core/Src/main.c:278:5:fibonacci_inc	16	static
../Core/Src/main.c:282:5:fibonacci_dec	16	static
../Core/Src/main.c:287:5:fibonnaci_f	24	static
../Core/Src/main.c:298:6:fibonacci_t	24	static
../Core/Src/main.c:338:6:prepare_gol	16	static
../Core/Src/main.c:354:6:gol_display_grid	32	static
../Core/Src/main.c:379:6:gol_next_gen	128	static
../Core/Src/main.c:439:6:gol_timer_func	8	static
../Core/Src/main.c:448:6:game_of_life_t	40	static
../Core/Src/main.c:532:6:ww_timer_func	4	static
../Core/Src/main.c:536:6:ww_display_map	24	static
../Core/Src/main.c:568:6:prepare_ww	16	static
../Core/Src/main.c:585:6:wireworld_t	32	static
../Core/Src/main.c:666:6:ww_red_t	16	static
../Core/Src/main.c:689:6:ww_blue_t	24	static
../Core/Src/main.c:738:6:prepare_pages	16	static
../Core/Src/main.c:757:6:refresh_navigation	8	static
../Core/Src/main.c:787:6:prepare_navigation	8	static
../Core/Src/main.c:812:6:LCD_manager_t	216	dynamic
../Core/Src/main.c:882:5:main	40	static
../Core/Src/main.c:1016:6:SystemClock_Config	88	static
../Core/Src/main.c:1078:6:PeriphCommonClock_Config	152	static
../Core/Src/main.c:1108:13:MX_ADC1_Init	24	static
../Core/Src/main.c:1160:13:MX_ADC3_Init	24	static
../Core/Src/main.c:1212:13:MX_CRC_Init	8	static
../Core/Src/main.c:1243:13:MX_DMA2D_Init	8	static
../Core/Src/main.c:1282:13:MX_DSIHOST_DSI_Init	176	static
../Core/Src/main.c:1391:13:MX_ETH_Init	8	static
../Core/Src/main.c:1440:13:MX_HDMI_CEC_Init	8	static
../Core/Src/main.c:1476:13:MX_I2C1_Init	8	static
../Core/Src/main.c:1524:13:MX_I2C4_Init	8	static
../Core/Src/main.c:1572:13:MX_IWDG_Init	8	static
../Core/Src/main.c:1601:13:MX_LTDC_Init	64	static
../Core/Src/main.c:1663:13:MX_QUADSPI_Init	8	static
../Core/Src/main.c:1698:13:MX_RTC_Init	72	static
../Core/Src/main.c:1787:13:MX_SAI1_Init	8	static
../Core/Src/main.c:1862:13:MX_SAI2_Init	8	static
../Core/Src/main.c:1896:13:MX_SDMMC2_MMC_Init	8	static
../Core/Src/main.c:1932:13:MX_SPDIFRX_Init	8	static
../Core/Src/main.c:1968:13:MX_SPI2_Init	8	static
../Core/Src/main.c:2008:13:MX_TIM1_Init	40	static
../Core/Src/main.c:2055:13:MX_TIM3_Init	48	static
../Core/Src/main.c:2104:13:MX_TIM10_Init	40	static
../Core/Src/main.c:2150:13:MX_TIM11_Init	40	static
../Core/Src/main.c:2196:13:MX_TIM12_Init	40	static
../Core/Src/main.c:2238:13:MX_UART5_Init	8	static
../Core/Src/main.c:2273:13:MX_USART1_UART_Init	8	static
../Core/Src/main.c:2308:13:MX_USART6_UART_Init	8	static
../Core/Src/main.c:2343:13:MX_USB_OTG_HS_PCD_Init	8	static
../Core/Src/main.c:2379:13:MX_WWDG_Init	8	static
../Core/Src/main.c:2405:13:MX_FMC_Init	40	static
../Core/Src/main.c:2456:13:MX_GPIO_Init	72	static
../Core/Src/main.c:2572:6:StartDefaultTask	16	static
../Core/Src/main.c:2597:6:HAL_TIM_PeriodElapsedCallback	16	static
../Core/Src/main.c:2614:6:Error_Handler	4	static,ignoring_inline_asm
