../Core/Src/main.c:235:5:integer_length	24	static
../Core/Src/main.c:249:6:fibonacci_display_num	48	dynamic
../Core/Src/main.c:256:6:fibonacci_prepare	8	static
../Core/Src/main.c:264:5:fibonacci_inc	16	static
../Core/Src/main.c:268:5:fibonacci_dec	16	static
../Core/Src/main.c:273:5:fibonnaci_f	24	static
../Core/Src/main.c:284:6:fibonacci_t	24	static
../Core/Src/main.c:324:6:prepare_gol	16	static
../Core/Src/main.c:340:6:gol_display_grid	32	static
../Core/Src/main.c:365:6:gol_next_gen	128	static
../Core/Src/main.c:425:6:gol_timer_func	8	static
../Core/Src/main.c:434:6:game_of_life_t	40	static
../Core/Src/main.c:488:6:wireworld_t	24	static
../Core/Src/main.c:511:6:prepare_pages	16	static
../Core/Src/main.c:524:6:refresh_navigation	8	static
../Core/Src/main.c:554:6:prepare_navigation	8	static
../Core/Src/main.c:579:6:LCD_manager_t	216	dynamic
../Core/Src/main.c:649:5:main	40	static
../Core/Src/main.c:773:6:SystemClock_Config	88	static
../Core/Src/main.c:835:6:PeriphCommonClock_Config	152	static
../Core/Src/main.c:865:13:MX_ADC1_Init	24	static
../Core/Src/main.c:917:13:MX_ADC3_Init	24	static
../Core/Src/main.c:969:13:MX_CRC_Init	8	static
../Core/Src/main.c:1000:13:MX_DMA2D_Init	8	static
../Core/Src/main.c:1039:13:MX_DSIHOST_DSI_Init	176	static
../Core/Src/main.c:1148:13:MX_ETH_Init	8	static
../Core/Src/main.c:1197:13:MX_HDMI_CEC_Init	8	static
../Core/Src/main.c:1233:13:MX_I2C1_Init	8	static
../Core/Src/main.c:1281:13:MX_I2C4_Init	8	static
../Core/Src/main.c:1329:13:MX_IWDG_Init	8	static
../Core/Src/main.c:1358:13:MX_LTDC_Init	64	static
../Core/Src/main.c:1420:13:MX_QUADSPI_Init	8	static
../Core/Src/main.c:1455:13:MX_RTC_Init	72	static
../Core/Src/main.c:1544:13:MX_SAI1_Init	8	static
../Core/Src/main.c:1619:13:MX_SAI2_Init	8	static
../Core/Src/main.c:1653:13:MX_SDMMC2_MMC_Init	8	static
../Core/Src/main.c:1689:13:MX_SPDIFRX_Init	8	static
../Core/Src/main.c:1725:13:MX_SPI2_Init	8	static
../Core/Src/main.c:1765:13:MX_TIM1_Init	40	static
../Core/Src/main.c:1812:13:MX_TIM3_Init	48	static
../Core/Src/main.c:1861:13:MX_TIM10_Init	40	static
../Core/Src/main.c:1907:13:MX_TIM11_Init	40	static
../Core/Src/main.c:1953:13:MX_TIM12_Init	40	static
../Core/Src/main.c:1995:13:MX_UART5_Init	8	static
../Core/Src/main.c:2030:13:MX_USART1_UART_Init	8	static
../Core/Src/main.c:2065:13:MX_USART6_UART_Init	8	static
../Core/Src/main.c:2100:13:MX_USB_OTG_HS_PCD_Init	8	static
../Core/Src/main.c:2136:13:MX_WWDG_Init	8	static
../Core/Src/main.c:2162:13:MX_FMC_Init	40	static
../Core/Src/main.c:2213:13:MX_GPIO_Init	72	static
../Core/Src/main.c:2329:6:StartDefaultTask	16	static
../Core/Src/main.c:2354:6:HAL_TIM_PeriodElapsedCallback	16	static
../Core/Src/main.c:2371:6:Error_Handler	4	static,ignoring_inline_asm
