../Core/Src/main.c:249:5:integer_length	24	static
../Core/Src/main.c:263:6:fibonacci_display_num	48	dynamic
../Core/Src/main.c:270:6:fibonacci_prepare	8	static
../Core/Src/main.c:278:5:fibonacci_inc	16	static
../Core/Src/main.c:282:5:fibonacci_dec	16	static
../Core/Src/main.c:287:5:fibonnaci_f	24	static
../Core/Src/main.c:298:6:fibonacci_t	24	static
../Core/Src/main.c:338:6:prepare_gol	16	static
../Core/Src/main.c:354:6:gol_display_grid	32	static
../Core/Src/main.c:379:6:gol_next_gen	128	static
../Core/Src/main.c:439:6:gol_timer_func	8	static
../Core/Src/main.c:448:6:game_of_life_t	40	static
../Core/Src/main.c:532:6:ww_timer_func	4	static
../Core/Src/main.c:536:6:ww_display_map	24	static
../Core/Src/main.c:566:6:prepare_ww	16	static
../Core/Src/main.c:583:6:wireworld_t	32	static
../Core/Src/main.c:631:6:ww_red_t	16	static
../Core/Src/main.c:651:6:ww_blue_t	24	static
../Core/Src/main.c:700:6:prepare_pages	16	static
../Core/Src/main.c:719:6:refresh_navigation	8	static
../Core/Src/main.c:749:6:prepare_navigation	8	static
../Core/Src/main.c:774:6:LCD_manager_t	216	dynamic
../Core/Src/main.c:844:5:main	40	static
../Core/Src/main.c:975:6:SystemClock_Config	88	static
../Core/Src/main.c:1037:6:PeriphCommonClock_Config	152	static
../Core/Src/main.c:1067:13:MX_ADC1_Init	24	static
../Core/Src/main.c:1119:13:MX_ADC3_Init	24	static
../Core/Src/main.c:1171:13:MX_CRC_Init	8	static
../Core/Src/main.c:1202:13:MX_DMA2D_Init	8	static
../Core/Src/main.c:1241:13:MX_DSIHOST_DSI_Init	176	static
../Core/Src/main.c:1350:13:MX_ETH_Init	8	static
../Core/Src/main.c:1399:13:MX_HDMI_CEC_Init	8	static
../Core/Src/main.c:1435:13:MX_I2C1_Init	8	static
../Core/Src/main.c:1483:13:MX_I2C4_Init	8	static
../Core/Src/main.c:1531:13:MX_IWDG_Init	8	static
../Core/Src/main.c:1560:13:MX_LTDC_Init	64	static
../Core/Src/main.c:1622:13:MX_QUADSPI_Init	8	static
../Core/Src/main.c:1657:13:MX_RTC_Init	72	static
../Core/Src/main.c:1746:13:MX_SAI1_Init	8	static
../Core/Src/main.c:1821:13:MX_SAI2_Init	8	static
../Core/Src/main.c:1855:13:MX_SDMMC2_MMC_Init	8	static
../Core/Src/main.c:1891:13:MX_SPDIFRX_Init	8	static
../Core/Src/main.c:1927:13:MX_SPI2_Init	8	static
../Core/Src/main.c:1967:13:MX_TIM1_Init	40	static
../Core/Src/main.c:2014:13:MX_TIM3_Init	48	static
../Core/Src/main.c:2063:13:MX_TIM10_Init	40	static
../Core/Src/main.c:2109:13:MX_TIM11_Init	40	static
../Core/Src/main.c:2155:13:MX_TIM12_Init	40	static
../Core/Src/main.c:2197:13:MX_UART5_Init	8	static
../Core/Src/main.c:2232:13:MX_USART1_UART_Init	8	static
../Core/Src/main.c:2267:13:MX_USART6_UART_Init	8	static
../Core/Src/main.c:2302:13:MX_USB_OTG_HS_PCD_Init	8	static
../Core/Src/main.c:2338:13:MX_WWDG_Init	8	static
../Core/Src/main.c:2364:13:MX_FMC_Init	40	static
../Core/Src/main.c:2415:13:MX_GPIO_Init	72	static
../Core/Src/main.c:2531:6:StartDefaultTask	16	static
../Core/Src/main.c:2556:6:HAL_TIM_PeriodElapsedCallback	16	static
../Core/Src/main.c:2573:6:Error_Handler	4	static,ignoring_inline_asm
