../Core/Src/main.c:249:5:integer_length	24	static
../Core/Src/main.c:263:6:fibonacci_display_num	48	dynamic
../Core/Src/main.c:270:6:fibonacci_prepare	8	static
../Core/Src/main.c:278:5:fibonacci_inc	16	static
../Core/Src/main.c:282:5:fibonacci_dec	16	static
../Core/Src/main.c:287:5:fibonnaci_f	24	static
../Core/Src/main.c:298:6:fibonacci_t	24	static
../Core/Src/main.c:338:6:prepare_gol	16	static
../Core/Src/main.c:354:6:gol_display_grid	32	static
../Core/Src/main.c:379:6:gol_next_gen	128	static
../Core/Src/main.c:439:6:gol_timer_func	8	static
../Core/Src/main.c:448:6:game_of_life_t	40	static
../Core/Src/main.c:532:6:ww_timer_func	4	static
../Core/Src/main.c:536:6:ww_display_map	24	static
../Core/Src/main.c:566:6:prepare_ww	16	static
../Core/Src/main.c:583:6:wireworld_t	32	static
../Core/Src/main.c:627:6:ww_red_t	16	static
../Core/Src/main.c:647:6:ww_blue_t	24	static
../Core/Src/main.c:696:6:prepare_pages	16	static
../Core/Src/main.c:715:6:refresh_navigation	8	static
../Core/Src/main.c:745:6:prepare_navigation	8	static
../Core/Src/main.c:770:6:LCD_manager_t	216	dynamic
../Core/Src/main.c:840:5:main	40	static
../Core/Src/main.c:971:6:SystemClock_Config	88	static
../Core/Src/main.c:1033:6:PeriphCommonClock_Config	152	static
../Core/Src/main.c:1063:13:MX_ADC1_Init	24	static
../Core/Src/main.c:1115:13:MX_ADC3_Init	24	static
../Core/Src/main.c:1167:13:MX_CRC_Init	8	static
../Core/Src/main.c:1198:13:MX_DMA2D_Init	8	static
../Core/Src/main.c:1237:13:MX_DSIHOST_DSI_Init	176	static
../Core/Src/main.c:1346:13:MX_ETH_Init	8	static
../Core/Src/main.c:1395:13:MX_HDMI_CEC_Init	8	static
../Core/Src/main.c:1431:13:MX_I2C1_Init	8	static
../Core/Src/main.c:1479:13:MX_I2C4_Init	8	static
../Core/Src/main.c:1527:13:MX_IWDG_Init	8	static
../Core/Src/main.c:1556:13:MX_LTDC_Init	64	static
../Core/Src/main.c:1618:13:MX_QUADSPI_Init	8	static
../Core/Src/main.c:1653:13:MX_RTC_Init	72	static
../Core/Src/main.c:1742:13:MX_SAI1_Init	8	static
../Core/Src/main.c:1817:13:MX_SAI2_Init	8	static
../Core/Src/main.c:1851:13:MX_SDMMC2_MMC_Init	8	static
../Core/Src/main.c:1887:13:MX_SPDIFRX_Init	8	static
../Core/Src/main.c:1923:13:MX_SPI2_Init	8	static
../Core/Src/main.c:1963:13:MX_TIM1_Init	40	static
../Core/Src/main.c:2010:13:MX_TIM3_Init	48	static
../Core/Src/main.c:2059:13:MX_TIM10_Init	40	static
../Core/Src/main.c:2105:13:MX_TIM11_Init	40	static
../Core/Src/main.c:2151:13:MX_TIM12_Init	40	static
../Core/Src/main.c:2193:13:MX_UART5_Init	8	static
../Core/Src/main.c:2228:13:MX_USART1_UART_Init	8	static
../Core/Src/main.c:2263:13:MX_USART6_UART_Init	8	static
../Core/Src/main.c:2298:13:MX_USB_OTG_HS_PCD_Init	8	static
../Core/Src/main.c:2334:13:MX_WWDG_Init	8	static
../Core/Src/main.c:2360:13:MX_FMC_Init	40	static
../Core/Src/main.c:2411:13:MX_GPIO_Init	72	static
../Core/Src/main.c:2527:6:StartDefaultTask	16	static
../Core/Src/main.c:2552:6:HAL_TIM_PeriodElapsedCallback	16	static
../Core/Src/main.c:2569:6:Error_Handler	4	static,ignoring_inline_asm
