../Core/Src/main.c:232:5:integer_length	24	static
../Core/Src/main.c:246:6:fibonacci_display_num	48	dynamic
../Core/Src/main.c:253:6:fibonacci_prepare	8	static
../Core/Src/main.c:261:5:fibonacci_inc	16	static
../Core/Src/main.c:265:5:fibonacci_dec	16	static
../Core/Src/main.c:270:5:fibonnaci_f	24	static
../Core/Src/main.c:281:6:fibonacci_t	24	static
../Core/Src/main.c:319:6:prepare_gol	16	static
../Core/Src/main.c:335:6:gol_display_grid	32	static
../Core/Src/main.c:359:6:gol_next_gen	72	static
../Core/Src/main.c:419:6:gol_timer_func	8	static
../Core/Src/main.c:428:6:game_of_life_t	32	static
../Core/Src/main.c:473:6:wireworld_t	24	static
../Core/Src/main.c:496:6:prepare_pages	16	static
../Core/Src/main.c:509:6:refresh_navigation	8	static
../Core/Src/main.c:538:6:prepare_navigation	8	static
../Core/Src/main.c:563:6:LCD_manager_t	216	dynamic
../Core/Src/main.c:638:5:main	40	static
../Core/Src/main.c:762:6:SystemClock_Config	88	static
../Core/Src/main.c:824:6:PeriphCommonClock_Config	152	static
../Core/Src/main.c:854:13:MX_ADC1_Init	24	static
../Core/Src/main.c:906:13:MX_ADC3_Init	24	static
../Core/Src/main.c:958:13:MX_CRC_Init	8	static
../Core/Src/main.c:989:13:MX_DMA2D_Init	8	static
../Core/Src/main.c:1028:13:MX_DSIHOST_DSI_Init	176	static
../Core/Src/main.c:1137:13:MX_ETH_Init	8	static
../Core/Src/main.c:1186:13:MX_HDMI_CEC_Init	8	static
../Core/Src/main.c:1222:13:MX_I2C1_Init	8	static
../Core/Src/main.c:1270:13:MX_I2C4_Init	8	static
../Core/Src/main.c:1318:13:MX_IWDG_Init	8	static
../Core/Src/main.c:1347:13:MX_LTDC_Init	64	static
../Core/Src/main.c:1409:13:MX_QUADSPI_Init	8	static
../Core/Src/main.c:1444:13:MX_RTC_Init	72	static
../Core/Src/main.c:1533:13:MX_SAI1_Init	8	static
../Core/Src/main.c:1608:13:MX_SAI2_Init	8	static
../Core/Src/main.c:1642:13:MX_SDMMC2_MMC_Init	8	static
../Core/Src/main.c:1678:13:MX_SPDIFRX_Init	8	static
../Core/Src/main.c:1714:13:MX_SPI2_Init	8	static
../Core/Src/main.c:1754:13:MX_TIM1_Init	40	static
../Core/Src/main.c:1801:13:MX_TIM3_Init	48	static
../Core/Src/main.c:1850:13:MX_TIM10_Init	40	static
../Core/Src/main.c:1896:13:MX_TIM11_Init	40	static
../Core/Src/main.c:1942:13:MX_TIM12_Init	40	static
../Core/Src/main.c:1984:13:MX_UART5_Init	8	static
../Core/Src/main.c:2019:13:MX_USART1_UART_Init	8	static
../Core/Src/main.c:2054:13:MX_USART6_UART_Init	8	static
../Core/Src/main.c:2089:13:MX_USB_OTG_HS_PCD_Init	8	static
../Core/Src/main.c:2125:13:MX_WWDG_Init	8	static
../Core/Src/main.c:2151:13:MX_FMC_Init	40	static
../Core/Src/main.c:2202:13:MX_GPIO_Init	72	static
../Core/Src/main.c:2318:6:StartDefaultTask	16	static
../Core/Src/main.c:2343:6:HAL_TIM_PeriodElapsedCallback	16	static
../Core/Src/main.c:2360:6:Error_Handler	4	static,ignoring_inline_asm
