../Core/Src/main.c:209:5:integer_length	24	static
../Core/Src/main.c:222:5:fibonnaci_f	40	static
../Core/Src/main.c:245:6:fibonacci_t	56	dynamic
../Core/Src/main.c:260:6:game_of_life_t	16	static
../Core/Src/main.c:268:6:wireworld_t	16	static
../Core/Src/main.c:276:6:LCD_manager_t	96	dynamic
../Core/Src/main.c:349:5:main	40	static
../Core/Src/main.c:464:6:SystemClock_Config	88	static
../Core/Src/main.c:526:6:PeriphCommonClock_Config	152	static
../Core/Src/main.c:556:13:MX_ADC1_Init	24	static
../Core/Src/main.c:608:13:MX_ADC3_Init	24	static
../Core/Src/main.c:660:13:MX_CRC_Init	8	static
../Core/Src/main.c:691:13:MX_DMA2D_Init	8	static
../Core/Src/main.c:730:13:MX_DSIHOST_DSI_Init	176	static
../Core/Src/main.c:839:13:MX_ETH_Init	8	static
../Core/Src/main.c:888:13:MX_HDMI_CEC_Init	8	static
../Core/Src/main.c:924:13:MX_I2C1_Init	8	static
../Core/Src/main.c:972:13:MX_I2C4_Init	8	static
../Core/Src/main.c:1020:13:MX_IWDG_Init	8	static
../Core/Src/main.c:1049:13:MX_LTDC_Init	64	static
../Core/Src/main.c:1111:13:MX_QUADSPI_Init	8	static
../Core/Src/main.c:1146:13:MX_RTC_Init	72	static
../Core/Src/main.c:1235:13:MX_SAI1_Init	8	static
../Core/Src/main.c:1310:13:MX_SAI2_Init	8	static
../Core/Src/main.c:1344:13:MX_SDMMC2_MMC_Init	8	static
../Core/Src/main.c:1380:13:MX_SPDIFRX_Init	8	static
../Core/Src/main.c:1416:13:MX_SPI2_Init	8	static
../Core/Src/main.c:1456:13:MX_TIM1_Init	40	static
../Core/Src/main.c:1503:13:MX_TIM3_Init	48	static
../Core/Src/main.c:1552:13:MX_TIM10_Init	40	static
../Core/Src/main.c:1598:13:MX_TIM11_Init	40	static
../Core/Src/main.c:1644:13:MX_TIM12_Init	40	static
../Core/Src/main.c:1686:13:MX_UART5_Init	8	static
../Core/Src/main.c:1721:13:MX_USART1_UART_Init	8	static
../Core/Src/main.c:1756:13:MX_USART6_UART_Init	8	static
../Core/Src/main.c:1791:13:MX_USB_OTG_HS_PCD_Init	8	static
../Core/Src/main.c:1827:13:MX_WWDG_Init	8	static
../Core/Src/main.c:1853:13:MX_FMC_Init	40	static
../Core/Src/main.c:1904:13:MX_GPIO_Init	72	static
../Core/Src/main.c:2020:6:StartDefaultTask	16	static
../Core/Src/main.c:2045:6:HAL_TIM_PeriodElapsedCallback	16	static
../Core/Src/main.c:2062:6:Error_Handler	4	static,ignoring_inline_asm
