../Core/Src/stm32f7xx_hal_msp.c:65:6:HAL_MspInit	16	static
../Core/Src/stm32f7xx_hal_msp.c:89:6:HAL_ADC_MspInit	56	static
../Core/Src/stm32f7xx_hal_msp.c:153:6:HAL_ADC_MspDeInit	16	static
../Core/Src/stm32f7xx_hal_msp.c:204:6:HAL_CRC_MspInit	24	static
../Core/Src/stm32f7xx_hal_msp.c:226:6:HAL_CRC_MspDeInit	16	static
../Core/Src/stm32f7xx_hal_msp.c:248:6:HAL_DMA2D_MspInit	24	static
../Core/Src/stm32f7xx_hal_msp.c:273:6:HAL_DMA2D_MspDeInit	16	static
../Core/Src/stm32f7xx_hal_msp.c:298:6:HAL_DSI_MspInit	48	static
../Core/Src/stm32f7xx_hal_msp.c:336:6:HAL_DSI_MspDeInit	16	static
../Core/Src/stm32f7xx_hal_msp.c:366:6:HAL_ETH_MspInit	64	static
../Core/Src/stm32f7xx_hal_msp.c:425:6:HAL_ETH_MspDeInit	16	static
../Core/Src/stm32f7xx_hal_msp.c:465:6:HAL_CEC_MspInit	192	static
../Core/Src/stm32f7xx_hal_msp.c:514:6:HAL_CEC_MspDeInit	16	static
../Core/Src/stm32f7xx_hal_msp.c:544:6:HAL_I2C_MspInit	200	static
../Core/Src/stm32f7xx_hal_msp.c:631:6:HAL_I2C_MspDeInit	16	static
../Core/Src/stm32f7xx_hal_msp.c:682:6:HAL_LTDC_MspInit	24	static
../Core/Src/stm32f7xx_hal_msp.c:707:6:HAL_LTDC_MspDeInit	16	static
../Core/Src/stm32f7xx_hal_msp.c:732:6:HAL_QSPI_MspInit	56	static
../Core/Src/stm32f7xx_hal_msp.c:803:6:HAL_QSPI_MspDeInit	16	static
../Core/Src/stm32f7xx_hal_msp.c:842:6:HAL_RTC_MspInit	184	static
../Core/Src/stm32f7xx_hal_msp.c:887:6:HAL_RTC_MspDeInit	16	static
../Core/Src/stm32f7xx_hal_msp.c:915:6:HAL_MMC_MspInit	56	static
../Core/Src/stm32f7xx_hal_msp.c:971:6:HAL_MMC_MspDeInit	16	static
../Core/Src/stm32f7xx_hal_msp.c:1008:6:HAL_SPDIFRX_MspInit	192	static
../Core/Src/stm32f7xx_hal_msp.c:1058:6:HAL_SPDIFRX_MspDeInit	16	static
../Core/Src/stm32f7xx_hal_msp.c:1086:6:HAL_SPI_MspInit	48	static
../Core/Src/stm32f7xx_hal_msp.c:1139:6:HAL_SPI_MspDeInit	16	static
../Core/Src/stm32f7xx_hal_msp.c:1172:6:HAL_TIM_Base_MspInit	32	static
../Core/Src/stm32f7xx_hal_msp.c:1216:6:HAL_TIM_PWM_MspInit	24	static
../Core/Src/stm32f7xx_hal_msp.c:1243:6:HAL_TIM_MspPostInit	56	static
../Core/Src/stm32f7xx_hal_msp.c:1337:6:HAL_TIM_Base_MspDeInit	16	static
../Core/Src/stm32f7xx_hal_msp.c:1381:6:HAL_TIM_PWM_MspDeInit	16	static
../Core/Src/stm32f7xx_hal_msp.c:1414:6:HAL_UART_MspInit	208	static
../Core/Src/stm32f7xx_hal_msp.c:1544:6:HAL_UART_MspDeInit	16	static
../Core/Src/stm32f7xx_hal_msp.c:1611:6:HAL_PCD_MspInit	64	static
../Core/Src/stm32f7xx_hal_msp.c:1694:6:HAL_PCD_MspDeInit	16	static
../Core/Src/stm32f7xx_hal_msp.c:1745:6:HAL_WWDG_MspInit	24	static
../Core/Src/stm32f7xx_hal_msp.c:1763:13:HAL_FMC_MspInit	32	static
../Core/Src/stm32f7xx_hal_msp.c:1892:6:HAL_SDRAM_MspInit	16	static
../Core/Src/stm32f7xx_hal_msp.c:1904:13:HAL_FMC_MspDeInit	8	static
../Core/Src/stm32f7xx_hal_msp.c:2001:6:HAL_SDRAM_MspDeInit	16	static
../Core/Src/stm32f7xx_hal_msp.c:2014:6:HAL_SAI_MspInit	48	static
../Core/Src/stm32f7xx_hal_msp.c:2092:6:HAL_SAI_MspDeInit	16	static
