../Core/Src/stm32f7xx_it.c:79:6:NMI_Handler	4	static
../Core/Src/stm32f7xx_it.c:94:6:HardFault_Handler	4	static
../Core/Src/stm32f7xx_it.c:109:6:MemManage_Handler	4	static
../Core/Src/stm32f7xx_it.c:124:6:BusFault_Handler	4	static
../Core/Src/stm32f7xx_it.c:139:6:UsageFault_Handler	4	static
../Core/Src/stm32f7xx_it.c:154:6:DebugMon_Handler	4	static
../Core/Src/stm32f7xx_it.c:174:6:TIM6_DAC_IRQHandler	8	static
../Core/Src/stm32f7xx_it.c:188:6:OTG_HS_IRQHandler	8	static
../Core/Src/stm32f7xx_it.c:202:6:LTDC_IRQHandler	8	static
../Core/Src/stm32f7xx_it.c:216:6:DMA2D_IRQHandler	8	static
../Core/Src/stm32f7xx_it.c:230:6:CEC_IRQHandler	8	static
../Core/Src/stm32f7xx_it.c:244:6:DSI_IRQHandler	8	static
../Core/Src/stm32f7xx_it.c:265:6:EXTI0_IRQHandler	8	static
../Core/Src/stm32f7xx_it.c:276:6:EXTI15_10_IRQHandler	8	static
